
  .   ____          _            __ _ _
 /\\ / ___'_ __ _ _(_)_ __  __ _ \ \ \ \
( ( )\___ | '_ | '_| | '_ \/ _` | \ \ \ \
 \\/  ___)| |_)| | | | | || (_| |  ) ) ) )
  '  |____| .__|_| |_|_| |_\__, | / / / /
 =========|_|==============|___/=/_/_/_/

 :: Spring Boot ::                (v3.5.5)

2026-10-08T22:53:42.344-03:00  INFO 2080 --- [servicio-donaciones] [           main] .e.u.f.d.d.ServicioDonacionesApplication : Starting ServicioDonacionesApplication v1.0-SNAPSHOT using Java 26.0.1 with PID 2080 (A:\Diseño\tp_anual_dsi_grupo4\servicio-donaciones\target\servicio-donaciones-1.0-SNAPSHOT.jar started by agust in A:\Diseño\tp_anual_dsi_grupo4)
2026-10-08T22:53:42.350-03:00  INFO 2080 --- [servicio-donaciones] [           main] .e.u.f.d.d.ServicioDonacionesApplication : No active profile set, falling back to 1 default profile: "default"
2026-10-08T22:53:44.886-03:00  INFO 2080 --- [servicio-donaciones] [           main] .s.d.r.c.RepositoryConfigurationDelegate : Bootstrapping Spring Data JPA repositories in DEFAULT mode.
2026-10-08T22:53:44.940-03:00  INFO 2080 --- [servicio-donaciones] [           main] .s.d.r.c.RepositoryConfigurationDelegate : Finished Spring Data repository scanning in 36 ms. Found 0 JPA repository interfaces.
2026-10-08T22:53:46.405-03:00  INFO 2080 --- [servicio-donaciones] [           main] o.s.b.w.embedded.tomcat.TomcatWebServer  : Tomcat initialized with port 18080 (http)
2026-10-08T22:53:46.429-03:00  INFO 2080 --- [servicio-donaciones] [           main] o.apache.catalina.core.StandardService   : Starting service [Tomcat]
2026-10-08T22:53:46.430-03:00  INFO 2080 --- [servicio-donaciones] [           main] o.apache.catalina.core.StandardEngine    : Starting Servlet engine: [Apache Tomcat/10.1.44]
2026-10-08T22:53:46.566-03:00  INFO 2080 --- [servicio-donaciones] [           main] o.a.c.c.C.[Tomcat].[localhost].[/]       : Initializing Spring embedded WebApplicationContext
2026-10-08T22:53:46.567-03:00  INFO 2080 --- [servicio-donaciones] [           main] w.s.c.ServletWebServerApplicationContext : Root WebApplicationContext: initialization completed in 4121 ms
2026-10-08T22:53:47.242-03:00  INFO 2080 --- [servicio-donaciones] [           main] com.zaxxer.hikari.HikariDataSource       : HikariPool-1 - Starting...
2026-10-08T22:53:47.580-03:00  INFO 2080 --- [servicio-donaciones] [           main] com.zaxxer.hikari.pool.HikariPool        : HikariPool-1 - Added connection conn0: url=jdbc:h2:mem:cb9af329-7a87-488d-84f8-59de89a4c899 user=SA
2026-10-08T22:53:47.583-03:00  INFO 2080 --- [servicio-donaciones] [           main] com.zaxxer.hikari.HikariDataSource       : HikariPool-1 - Start completed.
2026-10-08T22:53:47.652-03:00  INFO 2080 --- [servicio-donaciones] [           main] o.hibernate.jpa.internal.util.LogHelper  : HHH000204: Processing PersistenceUnitInfo [name: default]
2026-10-08T22:53:47.729-03:00  INFO 2080 --- [servicio-donaciones] [           main] org.hibernate.Version                    : HHH000412: Hibernate ORM core version 6.6.26.Final
2026-10-08T22:53:47.771-03:00  INFO 2080 --- [servicio-donaciones] [           main] o.h.c.internal.RegionFactoryInitiator    : HHH000026: Second-level cache disabled
2026-10-08T22:53:48.053-03:00  INFO 2080 --- [servicio-donaciones] [           main] o.s.o.j.p.SpringPersistenceUnitInfo      : No LoadTimeWeaver setup: ignoring JPA class transformer
2026-10-08T22:53:48.144-03:00  INFO 2080 --- [servicio-donaciones] [           main] org.hibernate.orm.connections.pooling    : HHH10001005: Database info:
	Database JDBC URL [Connecting through datasource 'HikariDataSource (HikariPool-1)']
	Database driver: undefined/unknown
	Database version: 2.3.232
	Autocommit mode: undefined/unknown
	Isolation level: undefined/unknown
	Minimum pool size: undefined/unknown
	Maximum pool size: undefined/unknown
2026-10-08T22:53:48.408-03:00  INFO 2080 --- [servicio-donaciones] [           main] o.h.e.t.j.p.i.JtaPlatformInitiator       : HHH000489: No JTA platform available (set 'hibernate.transaction.jta.platform' to enable JTA platform integration)
2026-10-08T22:53:48.411-03:00  INFO 2080 --- [servicio-donaciones] [           main] j.LocalContainerEntityManagerFactoryBean : Initialized JPA EntityManagerFactory for persistence unit 'default'
2026-10-08T22:53:48.798-03:00  WARN 2080 --- [servicio-donaciones] [           main] JpaBaseConfiguration$JpaWebConfiguration : spring.jpa.open-in-view is enabled by default. Therefore, database queries may be performed during view rendering. Explicitly configure spring.jpa.open-in-view to disable this warning
2026-10-08T22:53:49.603-03:00  INFO 2080 --- [servicio-donaciones] [           main] o.s.b.a.e.web.EndpointLinksResolver      : Exposing 1 endpoint beneath base path '/actuator'
2026-10-08T22:53:49.677-03:00  INFO 2080 --- [servicio-donaciones] [           main] o.s.b.w.embedded.tomcat.TomcatWebServer  : Tomcat started on port 18080 (http) with context path '/'
2026-10-08T22:53:49.696-03:00  INFO 2080 --- [servicio-donaciones] [           main] .e.u.f.d.d.ServicioDonacionesApplication : Started ServicioDonacionesApplication in 8.072 seconds (process running for 8.599)
2026-10-08T22:53:49.770-03:00  WARN 2080 --- [servicio-donaciones] [   scheduling-1] a.e.u.f.d.d.integracion.LogisticaBroker  : No se pudieron consultar eventos en PROPIA: I/O error on GET request for "http://localhost:18083/api/eventos": Connection refused: getsockopt
2026-10-08T22:53:49.773-03:00  WARN 2080 --- [servicio-donaciones] [   scheduling-1] a.e.u.f.d.d.integracion.LogisticaBroker  : No se pudieron consultar eventos en ALTERNATIVA: I/O error on GET request for "http://localhost:18083/api/eventos": Connection refused: getsockopt
2026-10-08T22:56:13.100-03:00  INFO 2080 --- [servicio-donaciones] [io-18080-exec-1] o.a.c.c.C.[Tomcat].[localhost].[/]       : Initializing Spring DispatcherServlet 'dispatcherServlet'
2026-10-08T22:56:13.100-03:00  INFO 2080 --- [servicio-donaciones] [io-18080-exec-1] o.s.web.servlet.DispatcherServlet        : Initializing Servlet 'dispatcherServlet'
2026-10-08T22:56:13.102-03:00  INFO 2080 --- [servicio-donaciones] [io-18080-exec-1] o.s.web.servlet.DispatcherServlet        : Completed initialization in 2 ms
2026-10-08T22:56:13.537-03:00  INFO 2080 --- [servicio-donaciones] [io-18080-exec-1] o.springdoc.api.AbstractOpenApiResource  : Init duration for springdoc-openapi is: 376 ms
