
  .   ____          _            __ _ _
 /\\ / ___'_ __ _ _(_)_ __  __ _ \ \ \ \
( ( )\___ | '_ | '_| | '_ \/ _` | \ \ \ \
 \\/  ___)| |_)| | | | | || (_| |  ) ) ) )
  '  |____| .__|_| |_|_| |_\__, | / / / /
 =========|_|==============|___/=/_/_/_/

 :: Spring Boot ::                (v3.5.5)

2026-10-08T22:53:42.593-03:00  INFO 26176 --- [servicio-incentivos] [           main] .e.u.f.d.i.ServicioIncentivosApplication : Starting ServicioIncentivosApplication v1.0-SNAPSHOT using Java 26.0.1 with PID 26176 (A:\Diseño\tp_anual_dsi_grupo4\servicio-incentivos\target\servicio-incentivos-1.0-SNAPSHOT.jar started by agust in A:\Diseño\tp_anual_dsi_grupo4)
2026-10-08T22:53:42.598-03:00  INFO 26176 --- [servicio-incentivos] [           main] .e.u.f.d.i.ServicioIncentivosApplication : No active profile set, falling back to 1 default profile: "default"
2026-10-08T22:53:44.848-03:00  INFO 26176 --- [servicio-incentivos] [           main] o.s.b.w.embedded.tomcat.TomcatWebServer  : Tomcat initialized with port 18081 (http)
2026-10-08T22:53:44.890-03:00  INFO 26176 --- [servicio-incentivos] [           main] o.apache.catalina.core.StandardService   : Starting service [Tomcat]
2026-10-08T22:53:44.891-03:00  INFO 26176 --- [servicio-incentivos] [           main] o.apache.catalina.core.StandardEngine    : Starting Servlet engine: [Apache Tomcat/10.1.44]
2026-10-08T22:53:44.970-03:00  INFO 26176 --- [servicio-incentivos] [           main] o.a.c.c.C.[Tomcat].[localhost].[/]       : Initializing Spring embedded WebApplicationContext
2026-10-08T22:53:44.971-03:00  INFO 26176 --- [servicio-incentivos] [           main] w.s.c.ServletWebServerApplicationContext : Root WebApplicationContext: initialization completed in 2300 ms
2026-10-08T22:53:47.285-03:00  INFO 26176 --- [servicio-incentivos] [           main] o.s.b.w.embedded.tomcat.TomcatWebServer  : Tomcat started on port 18081 (http) with context path '/'
2026-10-08T22:53:47.319-03:00  INFO 26176 --- [servicio-incentivos] [           main] .e.u.f.d.i.ServicioIncentivosApplication : Started ServicioIncentivosApplication in 5.387 seconds (process running for 6.079)
2026-10-08T22:56:13.605-03:00  INFO 26176 --- [servicio-incentivos] [io-18081-exec-3] o.a.c.c.C.[Tomcat].[localhost].[/]       : Initializing Spring DispatcherServlet 'dispatcherServlet'
2026-10-08T22:56:13.605-03:00  INFO 26176 --- [servicio-incentivos] [io-18081-exec-3] o.s.web.servlet.DispatcherServlet        : Initializing Servlet 'dispatcherServlet'
2026-10-08T22:56:13.606-03:00  INFO 26176 --- [servicio-incentivos] [io-18081-exec-3] o.s.web.servlet.DispatcherServlet        : Completed initialization in 0 ms
2026-10-08T22:56:13.965-03:00  INFO 26176 --- [servicio-incentivos] [io-18081-exec-3] o.springdoc.api.AbstractOpenApiResource  : Init duration for springdoc-openapi is: 322 ms
