
  .   ____          _            __ _ _
 /\\ / ___'_ __ _ _(_)_ __  __ _ \ \ \ \
( ( )\___ | '_ | '_| | '_ \/ _` | \ \ \ \
 \\/  ___)| |_)| | | | | || (_| |  ) ) ) )
  '  |____| .__|_| |_|_| |_\__, | / / / /
 =========|_|==============|___/=/_/_/_/

 :: Spring Boot ::                (v3.5.5)

2026-08-28T08:51:35.760-03:00  INFO 8554 --- [servicio-logistica] [           main] a.e.u.f.d.l.ServicioLogisticaApplication : Starting ServicioLogisticaApplication v1.0-SNAPSHOT using Java 17.0.20 with PID 8554 (/home/dante/tp_anual_dsi_grupo4/servicio-logistica/target/servicio-logistica-1.0-SNAPSHOT.jar started by dante in /home/dante/tp_anual_dsi_grupo4)
2026-08-28T08:51:35.765-03:00  INFO 8554 --- [servicio-logistica] [           main] a.e.u.f.d.l.ServicioLogisticaApplication : No active profile set, falling back to 1 default profile: "default"
2026-08-28T08:51:36.981-03:00  INFO 8554 --- [servicio-logistica] [           main] o.s.b.w.embedded.tomcat.TomcatWebServer  : Tomcat initialized with port 8083 (http)
2026-08-28T08:51:36.993-03:00  INFO 8554 --- [servicio-logistica] [           main] o.apache.catalina.core.StandardService   : Starting service [Tomcat]
2026-08-28T08:51:36.993-03:00  INFO 8554 --- [servicio-logistica] [           main] o.apache.catalina.core.StandardEngine    : Starting Servlet engine: [Apache Tomcat/10.1.44]
2026-08-28T08:51:37.016-03:00  INFO 8554 --- [servicio-logistica] [           main] o.a.c.c.C.[Tomcat].[localhost].[/]       : Initializing Spring embedded WebApplicationContext
2026-08-28T08:51:37.018-03:00  INFO 8554 --- [servicio-logistica] [           main] w.s.c.ServletWebServerApplicationContext : Root WebApplicationContext: initialization completed in 1176 ms
2026-08-28T08:51:37.564-03:00  INFO 8554 --- [servicio-logistica] [           main] o.s.b.w.embedded.tomcat.TomcatWebServer  : Tomcat started on port 8083 (http) with context path '/'
2026-08-28T08:51:37.586-03:00  INFO 8554 --- [servicio-logistica] [           main] a.e.u.f.d.l.ServicioLogisticaApplication : Started ServicioLogisticaApplication in 2.28 seconds (process running for 2.75)
2026-08-28T08:51:39.698-03:00  INFO 8554 --- [servicio-logistica] [nio-8083-exec-1] o.a.c.c.C.[Tomcat].[localhost].[/]       : Initializing Spring DispatcherServlet 'dispatcherServlet'
2026-08-28T08:51:39.699-03:00  INFO 8554 --- [servicio-logistica] [nio-8083-exec-1] o.s.web.servlet.DispatcherServlet        : Initializing Servlet 'dispatcherServlet'
2026-08-28T08:51:39.700-03:00  INFO 8554 --- [servicio-logistica] [nio-8083-exec-1] o.s.web.servlet.DispatcherServlet        : Completed initialization in 1 ms
2026-08-28T08:55:38.488-03:00  INFO 8554 --- [servicio-logistica] [ionShutdownHook] o.s.b.w.e.tomcat.GracefulShutdown        : Commencing graceful shutdown. Waiting for active requests to complete
2026-08-28T08:55:38.493-03:00  INFO 8554 --- [servicio-logistica] [tomcat-shutdown] o.s.b.w.e.tomcat.GracefulShutdown        : Graceful shutdown complete

  .   ____          _            __ _ _
 /\\ / ___'_ __ _ _(_)_ __  __ _ \ \ \ \
( ( )\___ | '_ | '_| | '_ \/ _` | \ \ \ \
 \\/  ___)| |_)| | | | | || (_| |  ) ) ) )
  '  |____| .__|_| |_|_| |_\__, | / / / /
 =========|_|==============|___/=/_/_/_/

 :: Spring Boot ::                (v3.5.5)

2026-08-28T10:06:45.149-03:00  INFO 32870 --- [servicio-logistica] [           main] a.e.u.f.d.l.ServicioLogisticaApplication : Starting ServicioLogisticaApplication v1.0-SNAPSHOT using Java 17.0.20 with PID 32870 (/home/dante/tp_anual_dsi_grupo4/servicio-logistica/target/servicio-logistica-1.0-SNAPSHOT.jar started by dante in /home/dante/tp_anual_dsi_grupo4)
2026-08-28T10:06:45.154-03:00  INFO 32870 --- [servicio-logistica] [           main] a.e.u.f.d.l.ServicioLogisticaApplication : No active profile set, falling back to 1 default profile: "default"
2026-08-28T10:06:46.583-03:00  INFO 32870 --- [servicio-logistica] [           main] o.s.b.w.embedded.tomcat.TomcatWebServer  : Tomcat initialized with port 8083 (http)
2026-08-28T10:06:46.602-03:00  INFO 32870 --- [servicio-logistica] [           main] o.apache.catalina.core.StandardService   : Starting service [Tomcat]
2026-08-28T10:06:46.603-03:00  INFO 32870 --- [servicio-logistica] [           main] o.apache.catalina.core.StandardEngine    : Starting Servlet engine: [Apache Tomcat/10.1.44]
2026-08-28T10:06:46.649-03:00  INFO 32870 --- [servicio-logistica] [           main] o.a.c.c.C.[Tomcat].[localhost].[/]       : Initializing Spring embedded WebApplicationContext
2026-08-28T10:06:46.652-03:00  INFO 32870 --- [servicio-logistica] [           main] w.s.c.ServletWebServerApplicationContext : Root WebApplicationContext: initialization completed in 1381 ms
2026-08-28T10:06:47.361-03:00  INFO 32870 --- [servicio-logistica] [           main] o.s.b.w.embedded.tomcat.TomcatWebServer  : Tomcat started on port 8083 (http) with context path '/'
2026-08-28T10:06:47.391-03:00  INFO 32870 --- [servicio-logistica] [           main] a.e.u.f.d.l.ServicioLogisticaApplication : Started ServicioLogisticaApplication in 2.874 seconds (process running for 3.331)
2026-08-28T10:06:49.674-03:00  INFO 32870 --- [servicio-logistica] [nio-8083-exec-1] o.a.c.c.C.[Tomcat].[localhost].[/]       : Initializing Spring DispatcherServlet 'dispatcherServlet'
2026-08-28T10:06:49.674-03:00  INFO 32870 --- [servicio-logistica] [nio-8083-exec-1] o.s.web.servlet.DispatcherServlet        : Initializing Servlet 'dispatcherServlet'
2026-08-28T10:06:49.675-03:00  INFO 32870 --- [servicio-logistica] [nio-8083-exec-1] o.s.web.servlet.DispatcherServlet        : Completed initialization in 1 ms
2026-08-28T10:07:27.649-03:00  INFO 32870 --- [servicio-logistica] [ionShutdownHook] o.s.b.w.e.tomcat.GracefulShutdown        : Commencing graceful shutdown. Waiting for active requests to complete
2026-08-28T10:07:27.655-03:00  INFO 32870 --- [servicio-logistica] [tomcat-shutdown] o.s.b.w.e.tomcat.GracefulShutdown        : Graceful shutdown complete

  .   ____          _            __ _ _
 /\\ / ___'_ __ _ _(_)_ __  __ _ \ \ \ \
( ( )\___ | '_ | '_| | '_ \/ _` | \ \ \ \
 \\/  ___)| |_)| | | | | || (_| |  ) ) ) )
  '  |____| .__|_| |_|_| |_\__, | / / / /
 =========|_|==============|___/=/_/_/_/

 :: Spring Boot ::                (v3.5.5)

2026-08-28T10:08:10.696-03:00  INFO 34201 --- [servicio-logistica] [           main] a.e.u.f.d.l.ServicioLogisticaApplication : Starting ServicioLogisticaApplication v1.0-SNAPSHOT using Java 17.0.20 with PID 34201 (/home/dante/tp_anual_dsi_grupo4/servicio-logistica/target/servicio-logistica-1.0-SNAPSHOT.jar started by dante in /home/dante/tp_anual_dsi_grupo4)
2026-08-28T10:08:10.705-03:00  INFO 34201 --- [servicio-logistica] [           main] a.e.u.f.d.l.ServicioLogisticaApplication : No active profile set, falling back to 1 default profile: "default"
2026-08-28T10:08:12.120-03:00  INFO 34201 --- [servicio-logistica] [           main] o.s.b.w.embedded.tomcat.TomcatWebServer  : Tomcat initialized with port 8083 (http)
2026-08-28T10:08:12.135-03:00  INFO 34201 --- [servicio-logistica] [           main] o.apache.catalina.core.StandardService   : Starting service [Tomcat]
2026-08-28T10:08:12.135-03:00  INFO 34201 --- [servicio-logistica] [           main] o.apache.catalina.core.StandardEngine    : Starting Servlet engine: [Apache Tomcat/10.1.44]
2026-08-28T10:08:12.172-03:00  INFO 34201 --- [servicio-logistica] [           main] o.a.c.c.C.[Tomcat].[localhost].[/]       : Initializing Spring embedded WebApplicationContext
2026-08-28T10:08:12.173-03:00  INFO 34201 --- [servicio-logistica] [           main] w.s.c.ServletWebServerApplicationContext : Root WebApplicationContext: initialization completed in 1380 ms
2026-08-28T10:08:12.844-03:00  INFO 34201 --- [servicio-logistica] [           main] o.s.b.w.embedded.tomcat.TomcatWebServer  : Tomcat started on port 8083 (http) with context path '/'
2026-08-28T10:08:12.881-03:00  INFO 34201 --- [servicio-logistica] [           main] a.e.u.f.d.l.ServicioLogisticaApplication : Started ServicioLogisticaApplication in 2.831 seconds (process running for 3.259)
2026-08-28T10:08:15.024-03:00  INFO 34201 --- [servicio-logistica] [nio-8083-exec-1] o.a.c.c.C.[Tomcat].[localhost].[/]       : Initializing Spring DispatcherServlet 'dispatcherServlet'
2026-08-28T10:08:15.024-03:00  INFO 34201 --- [servicio-logistica] [nio-8083-exec-1] o.s.web.servlet.DispatcherServlet        : Initializing Servlet 'dispatcherServlet'
2026-08-28T10:08:15.025-03:00  INFO 34201 --- [servicio-logistica] [nio-8083-exec-1] o.s.web.servlet.DispatcherServlet        : Completed initialization in 1 ms
2026-08-28T10:10:06.702-03:00  INFO 34201 --- [servicio-logistica] [ionShutdownHook] o.s.b.w.e.tomcat.GracefulShutdown        : Commencing graceful shutdown. Waiting for active requests to complete
2026-08-28T10:10:06.707-03:00  INFO 34201 --- [servicio-logistica] [tomcat-shutdown] o.s.b.w.e.tomcat.GracefulShutdown        : Graceful shutdown complete

  .   ____          _            __ _ _
 /\\ / ___'_ __ _ _(_)_ __  __ _ \ \ \ \
( ( )\___ | '_ | '_| | '_ \/ _` | \ \ \ \
 \\/  ___)| |_)| | | | | || (_| |  ) ) ) )
  '  |____| .__|_| |_|_| |_\__, | / / / /
 =========|_|==============|___/=/_/_/_/

 :: Spring Boot ::                (v3.5.5)

2026-08-28T10:11:51.928-03:00  INFO 35759 --- [servicio-logistica] [           main] a.e.u.f.d.l.ServicioLogisticaApplication : Starting ServicioLogisticaApplication v1.0-SNAPSHOT using Java 17.0.20 with PID 35759 (/home/dante/tp_anual_dsi_grupo4/servicio-logistica/target/servicio-logistica-1.0-SNAPSHOT.jar started by dante in /home/dante/tp_anual_dsi_grupo4)
2026-08-28T10:11:51.933-03:00  INFO 35759 --- [servicio-logistica] [           main] a.e.u.f.d.l.ServicioLogisticaApplication : No active profile set, falling back to 1 default profile: "default"
2026-08-28T10:11:53.321-03:00  INFO 35759 --- [servicio-logistica] [           main] o.s.b.w.embedded.tomcat.TomcatWebServer  : Tomcat initialized with port 8083 (http)
2026-08-28T10:11:53.333-03:00  INFO 35759 --- [servicio-logistica] [           main] o.apache.catalina.core.StandardService   : Starting service [Tomcat]
2026-08-28T10:11:53.333-03:00  INFO 35759 --- [servicio-logistica] [           main] o.apache.catalina.core.StandardEngine    : Starting Servlet engine: [Apache Tomcat/10.1.44]
2026-08-28T10:11:53.369-03:00  INFO 35759 --- [servicio-logistica] [           main] o.a.c.c.C.[Tomcat].[localhost].[/]       : Initializing Spring embedded WebApplicationContext
2026-08-28T10:11:53.370-03:00  INFO 35759 --- [servicio-logistica] [           main] w.s.c.ServletWebServerApplicationContext : Root WebApplicationContext: initialization completed in 1348 ms
2026-08-28T10:11:53.947-03:00  INFO 35759 --- [servicio-logistica] [           main] o.s.b.w.embedded.tomcat.TomcatWebServer  : Tomcat started on port 8083 (http) with context path '/'
2026-08-28T10:11:53.971-03:00  INFO 35759 --- [servicio-logistica] [           main] a.e.u.f.d.l.ServicioLogisticaApplication : Started ServicioLogisticaApplication in 2.632 seconds (process running for 3.116)
2026-08-28T10:11:56.724-03:00  INFO 35759 --- [servicio-logistica] [nio-8083-exec-1] o.a.c.c.C.[Tomcat].[localhost].[/]       : Initializing Spring DispatcherServlet 'dispatcherServlet'
2026-08-28T10:11:56.724-03:00  INFO 35759 --- [servicio-logistica] [nio-8083-exec-1] o.s.web.servlet.DispatcherServlet        : Initializing Servlet 'dispatcherServlet'
2026-08-28T10:11:56.725-03:00  INFO 35759 --- [servicio-logistica] [nio-8083-exec-1] o.s.web.servlet.DispatcherServlet        : Completed initialization in 1 ms
2026-08-28T10:19:05.937-03:00  INFO 35759 --- [servicio-logistica] [ionShutdownHook] o.s.b.w.e.tomcat.GracefulShutdown        : Commencing graceful shutdown. Waiting for active requests to complete
2026-08-28T10:19:05.942-03:00  INFO 35759 --- [servicio-logistica] [tomcat-shutdown] o.s.b.w.e.tomcat.GracefulShutdown        : Graceful shutdown complete

  .   ____          _            __ _ _
 /\\ / ___'_ __ _ _(_)_ __  __ _ \ \ \ \
( ( )\___ | '_ | '_| | '_ \/ _` | \ \ \ \
 \\/  ___)| |_)| | | | | || (_| |  ) ) ) )
  '  |____| .__|_| |_|_| |_\__, | / / / /
 =========|_|==============|___/=/_/_/_/

 :: Spring Boot ::                (v3.5.5)

2026-08-28T10:21:02.871-03:00  INFO 39371 --- [servicio-logistica] [           main] a.e.u.f.d.l.ServicioLogisticaApplication : Starting ServicioLogisticaApplication v1.0-SNAPSHOT using Java 17.0.20 with PID 39371 (/home/dante/tp_anual_dsi_grupo4/servicio-logistica/target/servicio-logistica-1.0-SNAPSHOT.jar started by dante in /home/dante/tp_anual_dsi_grupo4)
2026-08-28T10:21:02.875-03:00  INFO 39371 --- [servicio-logistica] [           main] a.e.u.f.d.l.ServicioLogisticaApplication : No active profile set, falling back to 1 default profile: "default"
2026-08-28T10:21:04.153-03:00  INFO 39371 --- [servicio-logistica] [           main] o.s.b.w.embedded.tomcat.TomcatWebServer  : Tomcat initialized with port 8083 (http)
2026-08-28T10:21:04.170-03:00  INFO 39371 --- [servicio-logistica] [           main] o.apache.catalina.core.StandardService   : Starting service [Tomcat]
2026-08-28T10:21:04.171-03:00  INFO 39371 --- [servicio-logistica] [           main] o.apache.catalina.core.StandardEngine    : Starting Servlet engine: [Apache Tomcat/10.1.44]
2026-08-28T10:21:04.207-03:00  INFO 39371 --- [servicio-logistica] [           main] o.a.c.c.C.[Tomcat].[localhost].[/]       : Initializing Spring embedded WebApplicationContext
2026-08-28T10:21:04.209-03:00  INFO 39371 --- [servicio-logistica] [           main] w.s.c.ServletWebServerApplicationContext : Root WebApplicationContext: initialization completed in 1259 ms
2026-08-28T10:21:04.775-03:00  INFO 39371 --- [servicio-logistica] [           main] o.s.b.w.embedded.tomcat.TomcatWebServer  : Tomcat started on port 8083 (http) with context path '/'
2026-08-28T10:21:04.805-03:00  INFO 39371 --- [servicio-logistica] [           main] a.e.u.f.d.l.ServicioLogisticaApplication : Started ServicioLogisticaApplication in 2.523 seconds (process running for 2.981)
2026-08-28T10:21:07.751-03:00  INFO 39371 --- [servicio-logistica] [nio-8083-exec-1] o.a.c.c.C.[Tomcat].[localhost].[/]       : Initializing Spring DispatcherServlet 'dispatcherServlet'
2026-08-28T10:21:07.751-03:00  INFO 39371 --- [servicio-logistica] [nio-8083-exec-1] o.s.web.servlet.DispatcherServlet        : Initializing Servlet 'dispatcherServlet'
2026-08-28T10:21:07.753-03:00  INFO 39371 --- [servicio-logistica] [nio-8083-exec-1] o.s.web.servlet.DispatcherServlet        : Completed initialization in 0 ms
2026-08-28T10:36:43.341-03:00  INFO 39371 --- [servicio-logistica] [ionShutdownHook] o.s.b.w.e.tomcat.GracefulShutdown        : Commencing graceful shutdown. Waiting for active requests to complete
2026-08-28T10:36:43.344-03:00  INFO 39371 --- [servicio-logistica] [tomcat-shutdown] o.s.b.w.e.tomcat.GracefulShutdown        : Graceful shutdown complete

  .   ____          _            __ _ _
 /\\ / ___'_ __ _ _(_)_ __  __ _ \ \ \ \
( ( )\___ | '_ | '_| | '_ \/ _` | \ \ \ \
 \\/  ___)| |_)| | | | | || (_| |  ) ) ) )
  '  |____| .__|_| |_|_| |_\__, | / / / /
 =========|_|==============|___/=/_/_/_/

 :: Spring Boot ::                (v3.5.5)

2026-08-28T10:42:34.388-03:00  INFO 46172 --- [servicio-logistica] [           main] a.e.u.f.d.l.ServicioLogisticaApplication : Starting ServicioLogisticaApplication v1.0-SNAPSHOT using Java 17.0.20 with PID 46172 (/home/dante/tp_anual_dsi_grupo4/servicio-logistica/target/servicio-logistica-1.0-SNAPSHOT.jar started by dante in /home/dante/tp_anual_dsi_grupo4)
2026-08-28T10:42:34.394-03:00  INFO 46172 --- [servicio-logistica] [           main] a.e.u.f.d.l.ServicioLogisticaApplication : No active profile set, falling back to 1 default profile: "default"
2026-08-28T10:42:35.738-03:00  INFO 46172 --- [servicio-logistica] [           main] o.s.b.w.embedded.tomcat.TomcatWebServer  : Tomcat initialized with port 8083 (http)
2026-08-28T10:42:35.754-03:00  INFO 46172 --- [servicio-logistica] [           main] o.apache.catalina.core.StandardService   : Starting service [Tomcat]
2026-08-28T10:42:35.754-03:00  INFO 46172 --- [servicio-logistica] [           main] o.apache.catalina.core.StandardEngine    : Starting Servlet engine: [Apache Tomcat/10.1.44]
2026-08-28T10:42:35.785-03:00  INFO 46172 --- [servicio-logistica] [           main] o.a.c.c.C.[Tomcat].[localhost].[/]       : Initializing Spring embedded WebApplicationContext
2026-08-28T10:42:35.787-03:00  INFO 46172 --- [servicio-logistica] [           main] w.s.c.ServletWebServerApplicationContext : Root WebApplicationContext: initialization completed in 1322 ms
2026-08-28T10:42:36.489-03:00  INFO 46172 --- [servicio-logistica] [           main] o.s.b.w.embedded.tomcat.TomcatWebServer  : Tomcat started on port 8083 (http) with context path '/'
2026-08-28T10:42:36.528-03:00  INFO 46172 --- [servicio-logistica] [           main] a.e.u.f.d.l.ServicioLogisticaApplication : Started ServicioLogisticaApplication in 2.734 seconds (process running for 3.177)
2026-08-28T10:42:38.538-03:00  INFO 46172 --- [servicio-logistica] [nio-8083-exec-1] o.a.c.c.C.[Tomcat].[localhost].[/]       : Initializing Spring DispatcherServlet 'dispatcherServlet'
2026-08-28T10:42:38.538-03:00  INFO 46172 --- [servicio-logistica] [nio-8083-exec-1] o.s.web.servlet.DispatcherServlet        : Initializing Servlet 'dispatcherServlet'
2026-08-28T10:42:38.539-03:00  INFO 46172 --- [servicio-logistica] [nio-8083-exec-1] o.s.web.servlet.DispatcherServlet        : Completed initialization in 1 ms
2026-08-28T10:57:43.304-03:00  INFO 46172 --- [servicio-logistica] [ionShutdownHook] o.s.b.w.e.tomcat.GracefulShutdown        : Commencing graceful shutdown. Waiting for active requests to complete
2026-08-28T10:57:43.307-03:00  INFO 46172 --- [servicio-logistica] [tomcat-shutdown] o.s.b.w.e.tomcat.GracefulShutdown        : Graceful shutdown complete
