
  .   ____          _            __ _ _
 /\\ / ___'_ __ _ _(_)_ __  __ _ \ \ \ \
( ( )\___ | '_ | '_| | '_ \/ _` | \ \ \ \
 \\/  ___)| |_)| | | | | || (_| |  ) ) ) )
  '  |____| .__|_| |_|_| |_\__, | / / / /
 =========|_|==============|___/=/_/_/_/

 :: Spring Boot ::                (v3.5.5)

2026-08-28T08:51:35.888-03:00  INFO 8556 --- [servicio-notificaciones] [           main] e.u.d.n.NotificacionesServiceApplication : Starting NotificacionesServiceApplication v0.0.1-SNAPSHOT using Java 17.0.20 with PID 8556 (/home/dante/tp_anual_dsi_grupo4/servicio-notificaciones/target/notificaciones-service-0.0.1-SNAPSHOT.jar started by dante in /home/dante/tp_anual_dsi_grupo4)
2026-08-28T08:51:35.892-03:00  INFO 8556 --- [servicio-notificaciones] [           main] e.u.d.n.NotificacionesServiceApplication : No active profile set, falling back to 1 default profile: "default"
2026-08-28T08:51:37.385-03:00  INFO 8556 --- [servicio-notificaciones] [           main] o.s.b.w.embedded.tomcat.TomcatWebServer  : Tomcat initialized with port 8082 (http)
2026-08-28T08:51:37.402-03:00  INFO 8556 --- [servicio-notificaciones] [           main] o.apache.catalina.core.StandardService   : Starting service [Tomcat]
2026-08-28T08:51:37.403-03:00  INFO 8556 --- [servicio-notificaciones] [           main] o.apache.catalina.core.StandardEngine    : Starting Servlet engine: [Apache Tomcat/10.1.44]
2026-08-28T08:51:37.446-03:00  INFO 8556 --- [servicio-notificaciones] [           main] o.a.c.c.C.[Tomcat].[localhost].[/]       : Initializing Spring embedded WebApplicationContext
2026-08-28T08:51:37.447-03:00  INFO 8556 --- [servicio-notificaciones] [           main] w.s.c.ServletWebServerApplicationContext : Root WebApplicationContext: initialization completed in 1470 ms
2026-08-28T08:51:38.047-03:00  INFO 8556 --- [servicio-notificaciones] [           main] o.s.b.w.embedded.tomcat.TomcatWebServer  : Tomcat started on port 8082 (http) with context path '/'
2026-08-28T08:51:38.066-03:00  INFO 8556 --- [servicio-notificaciones] [           main] e.u.d.n.NotificacionesServiceApplication : Started NotificacionesServiceApplication in 2.713 seconds (process running for 3.228)
2026-08-28T08:51:41.135-03:00  INFO 8556 --- [servicio-notificaciones] [nio-8082-exec-1] o.a.c.c.C.[Tomcat].[localhost].[/]       : Initializing Spring DispatcherServlet 'dispatcherServlet'
2026-08-28T08:51:41.135-03:00  INFO 8556 --- [servicio-notificaciones] [nio-8082-exec-1] o.s.web.servlet.DispatcherServlet        : Initializing Servlet 'dispatcherServlet'
2026-08-28T08:51:41.137-03:00  INFO 8556 --- [servicio-notificaciones] [nio-8082-exec-1] o.s.web.servlet.DispatcherServlet        : Completed initialization in 1 ms
2026-08-28T08:55:38.487-03:00  INFO 8556 --- [servicio-notificaciones] [ionShutdownHook] o.s.b.w.e.tomcat.GracefulShutdown        : Commencing graceful shutdown. Waiting for active requests to complete
2026-08-28T08:55:38.491-03:00  INFO 8556 --- [servicio-notificaciones] [tomcat-shutdown] o.s.b.w.e.tomcat.GracefulShutdown        : Graceful shutdown complete

  .   ____          _            __ _ _
 /\\ / ___'_ __ _ _(_)_ __  __ _ \ \ \ \
( ( )\___ | '_ | '_| | '_ \/ _` | \ \ \ \
 \\/  ___)| |_)| | | | | || (_| |  ) ) ) )
  '  |____| .__|_| |_|_| |_\__, | / / / /
 =========|_|==============|___/=/_/_/_/

 :: Spring Boot ::                (v3.5.5)

2026-08-28T10:06:45.274-03:00  INFO 32872 --- [servicio-notificaciones] [           main] e.u.d.n.NotificacionesServiceApplication : Starting NotificacionesServiceApplication v0.0.1-SNAPSHOT using Java 17.0.20 with PID 32872 (/home/dante/tp_anual_dsi_grupo4/servicio-notificaciones/target/notificaciones-service-0.0.1-SNAPSHOT.jar started by dante in /home/dante/tp_anual_dsi_grupo4)
2026-08-28T10:06:45.278-03:00  INFO 32872 --- [servicio-notificaciones] [           main] e.u.d.n.NotificacionesServiceApplication : No active profile set, falling back to 1 default profile: "default"
2026-08-28T10:06:46.803-03:00  INFO 32872 --- [servicio-notificaciones] [           main] o.s.b.w.embedded.tomcat.TomcatWebServer  : Tomcat initialized with port 8082 (http)
2026-08-28T10:06:46.826-03:00  INFO 32872 --- [servicio-notificaciones] [           main] o.apache.catalina.core.StandardService   : Starting service [Tomcat]
2026-08-28T10:06:46.827-03:00  INFO 32872 --- [servicio-notificaciones] [           main] o.apache.catalina.core.StandardEngine    : Starting Servlet engine: [Apache Tomcat/10.1.44]
2026-08-28T10:06:46.886-03:00  INFO 32872 --- [servicio-notificaciones] [           main] o.a.c.c.C.[Tomcat].[localhost].[/]       : Initializing Spring embedded WebApplicationContext
2026-08-28T10:06:46.888-03:00  INFO 32872 --- [servicio-notificaciones] [           main] w.s.c.ServletWebServerApplicationContext : Root WebApplicationContext: initialization completed in 1544 ms
2026-08-28T10:06:47.647-03:00  INFO 32872 --- [servicio-notificaciones] [           main] o.s.b.w.embedded.tomcat.TomcatWebServer  : Tomcat started on port 8082 (http) with context path '/'
2026-08-28T10:06:47.668-03:00  INFO 32872 --- [servicio-notificaciones] [           main] e.u.d.n.NotificacionesServiceApplication : Started NotificacionesServiceApplication in 3.068 seconds (process running for 3.608)
2026-08-28T10:06:50.349-03:00  INFO 32872 --- [servicio-notificaciones] [nio-8082-exec-1] o.a.c.c.C.[Tomcat].[localhost].[/]       : Initializing Spring DispatcherServlet 'dispatcherServlet'
2026-08-28T10:06:50.350-03:00  INFO 32872 --- [servicio-notificaciones] [nio-8082-exec-1] o.s.web.servlet.DispatcherServlet        : Initializing Servlet 'dispatcherServlet'
2026-08-28T10:06:50.351-03:00  INFO 32872 --- [servicio-notificaciones] [nio-8082-exec-1] o.s.web.servlet.DispatcherServlet        : Completed initialization in 1 ms
2026-08-28T10:07:27.713-03:00  INFO 32872 --- [servicio-notificaciones] [ionShutdownHook] o.s.b.w.e.tomcat.GracefulShutdown        : Commencing graceful shutdown. Waiting for active requests to complete
2026-08-28T10:07:27.719-03:00  INFO 32872 --- [servicio-notificaciones] [tomcat-shutdown] o.s.b.w.e.tomcat.GracefulShutdown        : Graceful shutdown complete

  .   ____          _            __ _ _
 /\\ / ___'_ __ _ _(_)_ __  __ _ \ \ \ \
( ( )\___ | '_ | '_| | '_ \/ _` | \ \ \ \
 \\/  ___)| |_)| | | | | || (_| |  ) ) ) )
  '  |____| .__|_| |_|_| |_\__, | / / / /
 =========|_|==============|___/=/_/_/_/

 :: Spring Boot ::                (v3.5.5)

2026-08-28T10:08:10.773-03:00  INFO 34203 --- [servicio-notificaciones] [           main] e.u.d.n.NotificacionesServiceApplication : Starting NotificacionesServiceApplication v0.0.1-SNAPSHOT using Java 17.0.20 with PID 34203 (/home/dante/tp_anual_dsi_grupo4/servicio-notificaciones/target/notificaciones-service-0.0.1-SNAPSHOT.jar started by dante in /home/dante/tp_anual_dsi_grupo4)
2026-08-28T10:08:10.777-03:00  INFO 34203 --- [servicio-notificaciones] [           main] e.u.d.n.NotificacionesServiceApplication : No active profile set, falling back to 1 default profile: "default"
2026-08-28T10:08:12.391-03:00  INFO 34203 --- [servicio-notificaciones] [           main] o.s.b.w.embedded.tomcat.TomcatWebServer  : Tomcat initialized with port 8082 (http)
2026-08-28T10:08:12.411-03:00  INFO 34203 --- [servicio-notificaciones] [           main] o.apache.catalina.core.StandardService   : Starting service [Tomcat]
2026-08-28T10:08:12.412-03:00  INFO 34203 --- [servicio-notificaciones] [           main] o.apache.catalina.core.StandardEngine    : Starting Servlet engine: [Apache Tomcat/10.1.44]
2026-08-28T10:08:12.469-03:00  INFO 34203 --- [servicio-notificaciones] [           main] o.a.c.c.C.[Tomcat].[localhost].[/]       : Initializing Spring embedded WebApplicationContext
2026-08-28T10:08:12.471-03:00  INFO 34203 --- [servicio-notificaciones] [           main] w.s.c.ServletWebServerApplicationContext : Root WebApplicationContext: initialization completed in 1621 ms
2026-08-28T10:08:13.251-03:00  INFO 34203 --- [servicio-notificaciones] [           main] o.s.b.w.embedded.tomcat.TomcatWebServer  : Tomcat started on port 8082 (http) with context path '/'
2026-08-28T10:08:13.264-03:00  INFO 34203 --- [servicio-notificaciones] [           main] e.u.d.n.NotificacionesServiceApplication : Started NotificacionesServiceApplication in 3.17 seconds (process running for 3.641)
2026-08-28T10:08:15.902-03:00  INFO 34203 --- [servicio-notificaciones] [nio-8082-exec-1] o.a.c.c.C.[Tomcat].[localhost].[/]       : Initializing Spring DispatcherServlet 'dispatcherServlet'
2026-08-28T10:08:15.903-03:00  INFO 34203 --- [servicio-notificaciones] [nio-8082-exec-1] o.s.web.servlet.DispatcherServlet        : Initializing Servlet 'dispatcherServlet'
2026-08-28T10:08:15.904-03:00  INFO 34203 --- [servicio-notificaciones] [nio-8082-exec-1] o.s.web.servlet.DispatcherServlet        : Completed initialization in 1 ms
2026-08-28T10:10:06.766-03:00  INFO 34203 --- [servicio-notificaciones] [ionShutdownHook] o.s.b.w.e.tomcat.GracefulShutdown        : Commencing graceful shutdown. Waiting for active requests to complete
2026-08-28T10:10:06.771-03:00  INFO 34203 --- [servicio-notificaciones] [tomcat-shutdown] o.s.b.w.e.tomcat.GracefulShutdown        : Graceful shutdown complete

  .   ____          _            __ _ _
 /\\ / ___'_ __ _ _(_)_ __  __ _ \ \ \ \
( ( )\___ | '_ | '_| | '_ \/ _` | \ \ \ \
 \\/  ___)| |_)| | | | | || (_| |  ) ) ) )
  '  |____| .__|_| |_|_| |_\__, | / / / /
 =========|_|==============|___/=/_/_/_/

 :: Spring Boot ::                (v3.5.5)

2026-08-28T10:11:51.941-03:00  INFO 35761 --- [servicio-notificaciones] [           main] e.u.d.n.NotificacionesServiceApplication : Starting NotificacionesServiceApplication v0.0.1-SNAPSHOT using Java 17.0.20 with PID 35761 (/home/dante/tp_anual_dsi_grupo4/servicio-notificaciones/target/notificaciones-service-0.0.1-SNAPSHOT.jar started by dante in /home/dante/tp_anual_dsi_grupo4)
2026-08-28T10:11:51.945-03:00  INFO 35761 --- [servicio-notificaciones] [           main] e.u.d.n.NotificacionesServiceApplication : No active profile set, falling back to 1 default profile: "default"
2026-08-28T10:11:53.481-03:00  INFO 35761 --- [servicio-notificaciones] [           main] o.s.b.w.embedded.tomcat.TomcatWebServer  : Tomcat initialized with port 8082 (http)
2026-08-28T10:11:53.499-03:00  INFO 35761 --- [servicio-notificaciones] [           main] o.apache.catalina.core.StandardService   : Starting service [Tomcat]
2026-08-28T10:11:53.499-03:00  INFO 35761 --- [servicio-notificaciones] [           main] o.apache.catalina.core.StandardEngine    : Starting Servlet engine: [Apache Tomcat/10.1.44]
2026-08-28T10:11:53.547-03:00  INFO 35761 --- [servicio-notificaciones] [           main] o.a.c.c.C.[Tomcat].[localhost].[/]       : Initializing Spring embedded WebApplicationContext
2026-08-28T10:11:53.549-03:00  INFO 35761 --- [servicio-notificaciones] [           main] w.s.c.ServletWebServerApplicationContext : Root WebApplicationContext: initialization completed in 1511 ms
2026-08-28T10:11:54.308-03:00  INFO 35761 --- [servicio-notificaciones] [           main] o.s.b.w.embedded.tomcat.TomcatWebServer  : Tomcat started on port 8082 (http) with context path '/'
2026-08-28T10:11:54.332-03:00  INFO 35761 --- [servicio-notificaciones] [           main] e.u.d.n.NotificacionesServiceApplication : Started NotificacionesServiceApplication in 3.049 seconds (process running for 3.476)
2026-08-28T10:11:57.119-03:00  INFO 35761 --- [servicio-notificaciones] [nio-8082-exec-2] o.a.c.c.C.[Tomcat].[localhost].[/]       : Initializing Spring DispatcherServlet 'dispatcherServlet'
2026-08-28T10:11:57.119-03:00  INFO 35761 --- [servicio-notificaciones] [nio-8082-exec-2] o.s.web.servlet.DispatcherServlet        : Initializing Servlet 'dispatcherServlet'
2026-08-28T10:11:57.120-03:00  INFO 35761 --- [servicio-notificaciones] [nio-8082-exec-2] o.s.web.servlet.DispatcherServlet        : Completed initialization in 1 ms
2026-08-28T10:19:05.937-03:00  INFO 35761 --- [servicio-notificaciones] [ionShutdownHook] o.s.b.w.e.tomcat.GracefulShutdown        : Commencing graceful shutdown. Waiting for active requests to complete
2026-08-28T10:19:05.942-03:00  INFO 35761 --- [servicio-notificaciones] [tomcat-shutdown] o.s.b.w.e.tomcat.GracefulShutdown        : Graceful shutdown complete

  .   ____          _            __ _ _
 /\\ / ___'_ __ _ _(_)_ __  __ _ \ \ \ \
( ( )\___ | '_ | '_| | '_ \/ _` | \ \ \ \
 \\/  ___)| |_)| | | | | || (_| |  ) ) ) )
  '  |____| .__|_| |_|_| |_\__, | / / / /
 =========|_|==============|___/=/_/_/_/

 :: Spring Boot ::                (v3.5.5)

2026-08-28T10:21:02.844-03:00  INFO 39373 --- [servicio-notificaciones] [           main] e.u.d.n.NotificacionesServiceApplication : Starting NotificacionesServiceApplication v0.0.1-SNAPSHOT using Java 17.0.20 with PID 39373 (/home/dante/tp_anual_dsi_grupo4/servicio-notificaciones/target/notificaciones-service-0.0.1-SNAPSHOT.jar started by dante in /home/dante/tp_anual_dsi_grupo4)
2026-08-28T10:21:02.847-03:00  INFO 39373 --- [servicio-notificaciones] [           main] e.u.d.n.NotificacionesServiceApplication : No active profile set, falling back to 1 default profile: "default"
2026-08-28T10:21:04.279-03:00  INFO 39373 --- [servicio-notificaciones] [           main] o.s.b.w.embedded.tomcat.TomcatWebServer  : Tomcat initialized with port 8082 (http)
2026-08-28T10:21:04.297-03:00  INFO 39373 --- [servicio-notificaciones] [           main] o.apache.catalina.core.StandardService   : Starting service [Tomcat]
2026-08-28T10:21:04.298-03:00  INFO 39373 --- [servicio-notificaciones] [           main] o.apache.catalina.core.StandardEngine    : Starting Servlet engine: [Apache Tomcat/10.1.44]
2026-08-28T10:21:04.342-03:00  INFO 39373 --- [servicio-notificaciones] [           main] o.a.c.c.C.[Tomcat].[localhost].[/]       : Initializing Spring embedded WebApplicationContext
2026-08-28T10:21:04.344-03:00  INFO 39373 --- [servicio-notificaciones] [           main] w.s.c.ServletWebServerApplicationContext : Root WebApplicationContext: initialization completed in 1423 ms
2026-08-28T10:21:04.987-03:00  INFO 39373 --- [servicio-notificaciones] [           main] o.s.b.w.embedded.tomcat.TomcatWebServer  : Tomcat started on port 8082 (http) with context path '/'
2026-08-28T10:21:05.008-03:00  INFO 39373 --- [servicio-notificaciones] [           main] e.u.d.n.NotificacionesServiceApplication : Started NotificacionesServiceApplication in 2.717 seconds (process running for 3.183)
2026-08-28T10:21:08.106-03:00  INFO 39373 --- [servicio-notificaciones] [nio-8082-exec-1] o.a.c.c.C.[Tomcat].[localhost].[/]       : Initializing Spring DispatcherServlet 'dispatcherServlet'
2026-08-28T10:21:08.107-03:00  INFO 39373 --- [servicio-notificaciones] [nio-8082-exec-1] o.s.web.servlet.DispatcherServlet        : Initializing Servlet 'dispatcherServlet'
2026-08-28T10:21:08.108-03:00  INFO 39373 --- [servicio-notificaciones] [nio-8082-exec-1] o.s.web.servlet.DispatcherServlet        : Completed initialization in 1 ms
2026-08-28T10:36:43.405-03:00  INFO 39373 --- [servicio-notificaciones] [ionShutdownHook] o.s.b.w.e.tomcat.GracefulShutdown        : Commencing graceful shutdown. Waiting for active requests to complete
2026-08-28T10:36:43.409-03:00  INFO 39373 --- [servicio-notificaciones] [tomcat-shutdown] o.s.b.w.e.tomcat.GracefulShutdown        : Graceful shutdown complete

  .   ____          _            __ _ _
 /\\ / ___'_ __ _ _(_)_ __  __ _ \ \ \ \
( ( )\___ | '_ | '_| | '_ \/ _` | \ \ \ \
 \\/  ___)| |_)| | | | | || (_| |  ) ) ) )
  '  |____| .__|_| |_|_| |_\__, | / / / /
 =========|_|==============|___/=/_/_/_/

 :: Spring Boot ::                (v3.5.5)

2026-08-28T10:42:34.373-03:00  INFO 46174 --- [servicio-notificaciones] [           main] e.u.d.n.NotificacionesServiceApplication : Starting NotificacionesServiceApplication v0.0.1-SNAPSHOT using Java 17.0.20 with PID 46174 (/home/dante/tp_anual_dsi_grupo4/servicio-notificaciones/target/notificaciones-service-0.0.1-SNAPSHOT.jar started by dante in /home/dante/tp_anual_dsi_grupo4)
2026-08-28T10:42:34.375-03:00  INFO 46174 --- [servicio-notificaciones] [           main] e.u.d.n.NotificacionesServiceApplication : No active profile set, falling back to 1 default profile: "default"
2026-08-28T10:42:35.786-03:00  INFO 46174 --- [servicio-notificaciones] [           main] o.s.b.w.embedded.tomcat.TomcatWebServer  : Tomcat initialized with port 8082 (http)
2026-08-28T10:42:35.799-03:00  INFO 46174 --- [servicio-notificaciones] [           main] o.apache.catalina.core.StandardService   : Starting service [Tomcat]
2026-08-28T10:42:35.800-03:00  INFO 46174 --- [servicio-notificaciones] [           main] o.apache.catalina.core.StandardEngine    : Starting Servlet engine: [Apache Tomcat/10.1.44]
2026-08-28T10:42:35.835-03:00  INFO 46174 --- [servicio-notificaciones] [           main] o.a.c.c.C.[Tomcat].[localhost].[/]       : Initializing Spring embedded WebApplicationContext
2026-08-28T10:42:35.836-03:00  INFO 46174 --- [servicio-notificaciones] [           main] w.s.c.ServletWebServerApplicationContext : Root WebApplicationContext: initialization completed in 1402 ms
2026-08-28T10:42:36.620-03:00  INFO 46174 --- [servicio-notificaciones] [           main] o.s.b.w.embedded.tomcat.TomcatWebServer  : Tomcat started on port 8082 (http) with context path '/'
2026-08-28T10:42:36.654-03:00  INFO 46174 --- [servicio-notificaciones] [           main] e.u.d.n.NotificacionesServiceApplication : Started NotificacionesServiceApplication in 2.88 seconds (process running for 3.302)
2026-08-28T10:42:39.504-03:00  INFO 46174 --- [servicio-notificaciones] [nio-8082-exec-1] o.a.c.c.C.[Tomcat].[localhost].[/]       : Initializing Spring DispatcherServlet 'dispatcherServlet'
2026-08-28T10:42:39.505-03:00  INFO 46174 --- [servicio-notificaciones] [nio-8082-exec-1] o.s.web.servlet.DispatcherServlet        : Initializing Servlet 'dispatcherServlet'
2026-08-28T10:42:39.506-03:00  INFO 46174 --- [servicio-notificaciones] [nio-8082-exec-1] o.s.web.servlet.DispatcherServlet        : Completed initialization in 1 ms
2026-08-28T10:57:43.335-03:00  INFO 46174 --- [servicio-notificaciones] [ionShutdownHook] o.s.b.w.e.tomcat.GracefulShutdown        : Commencing graceful shutdown. Waiting for active requests to complete
2026-08-28T10:57:43.338-03:00  INFO 46174 --- [servicio-notificaciones] [tomcat-shutdown] o.s.b.w.e.tomcat.GracefulShutdown        : Graceful shutdown complete
